[36mvite v5.4.21 [32mbuilding for production...[36m[39m
transforming...
[32mÔ£ô[39m 17 modules transformed.
node.exe : [31mx[39m 
Build failed in 758ms
En línea: 1 Carácter: 1
+ & "C:\Program 
Files\nodejs/node.exe" 
"C:\Program 
Files\nodejs/node_mo ...
+ ~~~~~~~~~~~~~~~~~~~~~~~~~~
~~~~~~~~~~~~~~~~~~~~~~~~~~~~
~~~~~~~~~~~~~~~
    + CategoryInfo          
    : NotSpecified: ([31m  
  x[39m Build failed in    
 758ms:String) [], Remot    
eException
    + FullyQualifiedErrorId 
    : NativeCommandError
 
[31merror during build:
[31m[vite:vue] 
[vue/compiler-sfc] 
Unexpected reserved word 
'await'. (535:16)

C:/Users/ariel/OneDrive/Desk
top/Proyectos/consultorio-od
ontologico/src/components/Ch
atBot.vue
621|      // 2. USUARIO 
ACTIVO (Logged in)
622|      else if 
(bookingState.value.active) 
{
623|         result = await 
handleActiveUserFlow(text, 
forceAction)
   |                  ^
624|      }
625|      // 3. VISITANTE 
(Detectar DNI o Intenci├│n 
General)[31m
file: [36mC:/Users/ariel/On
eDrive/Desktop/Proyectos/con
sultorio-odontologico/src/co
mponents/ChatBot.vue:535:16
[31m
    at constructor (C:\Users
\ariel\OneDrive\Desktop\Proy
ectos\consultorio-odontologi
co\node_modules\@babel\parse
r\lib\index.js:365:19)
    at Parser.raise (C:\User
s\ariel\OneDrive\Desktop\Pro
yectos\consultorio-odontolog
ico\node_modules\@babel\pars
er\lib\index.js:6599:19)
    at 
Parser.checkReservedWord (C:
\Users\ariel\OneDrive\Deskto
p\Proyectos\consultorio-odon
tologico\node_modules\@babel
\parser\lib\index.js:12221:1
2)
    at 
Parser.parseIdentifierName (
C:\Users\ariel\OneDrive\Desk
top\Proyectos\consultorio-od
ontologico\node_modules\@bab
el\parser\lib\index.js:12201
:12)
    at 
Parser.parseIdentifier (C:\U
sers\ariel\OneDrive\Desktop\
Proyectos\consultorio-odonto
logico\node_modules\@babel\p
arser\lib\index.js:12171:23)
    at Parser.parseExprAtom 
(C:\Users\ariel\OneDrive\Des
ktop\Proyectos\consultorio-o
dontologico\node_modules\@ba
bel\parser\lib\index.js:1140
6:27)
    at 
Parser.parseExprSubscripts (
C:\Users\ariel\OneDrive\Desk
top\Proyectos\consultorio-od
ontologico\node_modules\@bab
el\parser\lib\index.js:11071
:23)
    at Parser.parseUpdate (C
:\Users\ariel\OneDrive\Deskt
op\Proyectos\consultorio-odo
ntologico\node_modules\@babe
l\parser\lib\index.js:11056:
21)
    at 
Parser.parseMaybeUnary (C:\U
sers\ariel\OneDrive\Desktop\
Proyectos\consultorio-odonto
logico\node_modules\@babel\p
arser\lib\index.js:11036:23)
    at Parser.parseMaybeUnar
yOrPrivate (C:\Users\ariel\O
neDrive\Desktop\Proyectos\co
nsultorio-odontologico\node_
modules\@babel\parser\lib\in
dex.js:10889:61)[39m
